
> gf-ratioradar@0.1.0 check
> npm run lint && npm run typecheck && npm test && npm run build


> gf-ratioradar@0.1.0 lint
> eslint .


> gf-ratioradar@0.1.0 typecheck
> tsc --noEmit


> gf-ratioradar@0.1.0 test
> vitest run

(!) Your Vite config uses features that are unsupported by `configLoader: 'native'`, which is planned to become the default in a future major version of Vite:
  - ESM syntax in a file loaded as CommonJS (vitest.config.ts:1:1). Use a `.mjs` extension or set `"type": "module"` in the closest package.json
Set `VITE_CONFIG_NATIVE_IGNORE_WARNING=true` to suppress this warning.

 RUN  v5.0.2 /private/tmp/ratio-radar-design


 Test Files  10 passed (10)
      Tests  64 passed (64)
   Start at  23:22:29
   Duration  227ms (transform 64%, import 19%, tests 11%, worker 6%)


> gf-ratioradar@0.1.0 build
> next build

▲ Next.js 16.3.7 (Turbopack)
✓ Running next.config.ts took 61ms

  Creating an optimized production build ...
✓ Compiled successfully in 468ms
  Running TypeScript ...
  Finished TypeScript in 1181ms ...
  Collecting page data using 14 workers ...
  Generating static pages using 14 workers (0/13) ...
  Generating static pages using 14 workers (3/13)
  Generating static pages using 14 workers (6/13)
  Generating static pages using 14 workers (9/13)
✓ Generating static pages using 14 workers (13/13) in 340ms
  Finalizing page optimization ...

Route (app)
┌ ƒ /
├ ○ /_not-found
├ ƒ /api/leads
├ ƒ /api/search
├ ○ /calculators
├ ○ /calculators/cash-flow
├ ○ /calculators/dscr
├ ○ /dscr-guide
├ ○ /how-it-works
├ ○ /icon.png
├ ○ /robots.txt
└ ○ /sitemap.xml


○  (Static)   prerendered as static content
ƒ  (Dynamic)  server-rendered on demand
