
> gf-ratioradar@0.1.0 check
> npm run lint && npm run typecheck && npm test && npm run build


> gf-ratioradar@0.1.0 lint
> eslint .


> gf-ratioradar@0.1.0 typecheck
> tsc --noEmit


> gf-ratioradar@0.1.0 test
> vitest run

(!) Your Vite config uses features that are unsupported by `configLoader: 'native'`, which is planned to become the default in a future major version of Vite:
  - ESM syntax in a file loaded as CommonJS (vitest.config.ts:1:1). Use a `.mjs` extension or set `"type": "module"` in the closest package.json
Set `VITE_CONFIG_NATIVE_IGNORE_WARNING=true` to suppress this warning.

 RUN  v5.0.2 /private/tmp/ratio-radar-design


 Test Files  4 passed (4)
      Tests  26 passed (26)
   Start at  21:47:00
   Duration  101ms (transform 70%, import 16%, tests 9%, worker 5%)


> gf-ratioradar@0.1.0 build
> next build

▲ Next.js 16.3.7 (Turbopack)
✓ Running next.config.ts took 10ms

  Creating an optimized production build ...
✓ Compiled successfully in 258ms
  Running TypeScript ...
  Finished TypeScript in 1004ms ...
  Collecting page data using 9 workers ...
  Generating static pages using 9 workers (0/8) ...
  Generating static pages using 9 workers (2/8) 
  Generating static pages using 9 workers (4/8) 
  Generating static pages using 9 workers (6/8) 
✓ Generating static pages using 9 workers (8/8) in 219ms
  Finalizing page optimization ...

Route (app)
┌ ƒ /
├ ○ /_not-found
├ ƒ /api/leads
├ ƒ /api/search
├ ○ /icon.svg
├ ○ /robots.txt
└ ○ /sitemap.xml


○  (Static)   prerendered as static content
ƒ  (Dynamic)  server-rendered on demand

