
> gf-ratioradar@0.1.0 test:e2e
> playwright test


Running 33 tests using 3 workers

(node:85086) Warning: The 'NO_COLOR' env is ignored due to the 'FORCE_COLOR' env being set.
(Use `node --trace-warnings ...` to show where the warning was created)
(node:85085) Warning: The 'NO_COLOR' env is ignored due to the 'FORCE_COLOR' env being set.
(Use `node --trace-warnings ...` to show where the warning was created)
(node:85087) Warning: The 'NO_COLOR' env is ignored due to the 'FORCE_COLOR' env being set.
(Use `node --trace-warnings ...` to show where the warning was created)
  ✓   3 tests/calculators.spec.ts:51:5 › cash flow negative returns and zero denominators (999ms)
  ✓   2 tests/calculators.spec.ts:3:5 › DSCR purchase, IO, STR and refinance calculate with correct displayed units (1.0s)
  ✓   1 tests/calculators.spec.ts:24:5 › DSCR handoff preserves payment and requires unknown operating inputs (1.1s)
  ✓   4 tests/calculators.spec.ts:62:5 › property scenario reaches detailed calculator without silently adding unknown costs (961ms)
  ✓   5 tests/calculators.spec.ts:79:7 › calculator and footer responsive accessibility 320 (1.4s)
  ✓   6 tests/calculators.spec.ts:79:7 › calculator and footer responsive accessibility 390 (1.4s)
  ✓   7 tests/calculators.spec.ts:79:7 › calculator and footer responsive accessibility 768 (1.3s)
  ✓   9 tests/calculators.spec.ts:102:5 › all new routes return real content and navigation works (933ms)
  ✓   8 tests/calculators.spec.ts:79:7 › calculator and footer responsive accessibility 1440 (1.4s)
  ✓  11 tests/explorer.spec.ts:48:5 › market and price filters submit together; zero results reset correctly (746ms)
  ✓  12 tests/explorer.spec.ts:67:5 › financing recalculates ratios, respects mutually exclusive terms and inverse cap (651ms)
  ✓  13 tests/explorer.spec.ts:98:5 › comparison limits selections, opens accessible dialog and clears after scenario change (1.3s)
  ✓  14 tests/explorer.spec.ts:122:5 › scenario breakdown matches displayed ratio and supports a demo review with attribution (1.7s)
  ✓  15 tests/explorer.spec.ts:164:5 › table sorting and sharing retain scenario and campaign parameters (912ms)
  ✓  10 tests/explorer.spec.ts:7:5 › gallery renders real images, has no console errors, and passes accessibility checks (3.3s)
  ✓  16 tests/explorer.spec.ts:186:5 › failed searches recover and never show stale cards as actionable (559ms)
  ✓  17 tests/explorer.spec.ts:208:5 › invalid price ranges stay editable and subset markets remain accurate (692ms)
  ✓  18 tests/explorer.spec.ts:225:7 › responsive layout and dialog at 320px (3.0s)
  ✓  19 tests/explorer.spec.ts:225:7 › responsive layout and dialog at 390px (3.2s)
  ✓  20 tests/explorer.spec.ts:225:7 › responsive layout and dialog at 768px (2.9s)
  ✓  21 tests/explorer.spec.ts:264:5 › multi-market URLs preserve exact markets and a custom down payment (503ms)
  ✓  22 tests/explorer.spec.ts:278:5 › image failure has an accessible fallback without breaking property details (691ms)
  ✓  24 tests/provider-merge.spec.ts:2:5 › partial rent coverage stays explicit and zero priced rows do not imply no listings (723ms)
  ✓  23 tests/explorer.spec.ts:293:5 › mobile accessibility and keyboard dialog focus (1.4s)
  ✓  26 tests/resources.spec.ts:3:5 › workflow step controls reveal the corresponding action and context (618ms)
  ✓  27 tests/resources.spec.ts:13:5 › ratio lab reacts to keyboard input and resets; guide topics expand (597ms)
  ✓  25 tests/provider-merge.spec.ts:25:5 › REvestor header uses original griffin with live two-line type at responsive widths (1.5s)
  ✓  30 tests/resources.spec.ts:25:5 › smallest layout and reduced motion remain usable without a video (873ms)
  ✓  28 tests/resources.spec.ts:20:35 › resource pages render accessibly at 390px (2.2s)
  ✓  31 tests/specialists.spec.ts:4:5 › sourced specialists, contact links and application boundary (990ms)
  ✓  29 tests/resources.spec.ts:20:35 › resource pages render accessibly at 1440px (2.4s)
  ✓  33 tests/specialists.spec.ts:29:5 › property scenario offers specialist selection alongside the estimate (500ms)
  ✓  32 tests/specialists.spec.ts:18:5 › compact resource heroes and mobile specialist cards (1.0s)

  33 passed (15.8s)
