
> gf-ratioradar@0.1.0 test:e2e
> playwright test


Running 30 tests using 3 workers

(node:74117) Warning: The 'NO_COLOR' env is ignored due to the 'FORCE_COLOR' env being set.
(Use `node --trace-warnings ...` to show where the warning was created)
(node:74118) Warning: The 'NO_COLOR' env is ignored due to the 'FORCE_COLOR' env being set.
(Use `node --trace-warnings ...` to show where the warning was created)
(node:74116) Warning: The 'NO_COLOR' env is ignored due to the 'FORCE_COLOR' env being set.
(Use `node --trace-warnings ...` to show where the warning was created)
  ✓   3 tests/calculators.spec.ts:51:5 › cash flow negative returns and zero denominators (1.5s)
  ✓   2 tests/calculators.spec.ts:3:5 › DSCR purchase, IO, STR and refinance calculate with correct displayed units (1.5s)
  ✓   1 tests/calculators.spec.ts:24:5 › DSCR handoff preserves payment and requires unknown operating inputs (1.6s)
  ✓   4 tests/calculators.spec.ts:62:5 › property scenario reaches detailed calculator without silently adding unknown costs (1.1s)
  ✓   6 tests/calculators.spec.ts:79:7 › calculator and footer responsive accessibility 390 (1.3s)
  ✓   5 tests/calculators.spec.ts:79:7 › calculator and footer responsive accessibility 320 (1.6s)
  ✓   7 tests/calculators.spec.ts:79:7 › calculator and footer responsive accessibility 768 (1.2s)
  ✓   9 tests/calculators.spec.ts:102:5 › all new routes return real content and navigation works (1.2s)
  ✓   8 tests/calculators.spec.ts:79:7 › calculator and footer responsive accessibility 1440 (1.6s)
  ✓  11 tests/explorer.spec.ts:48:5 › market and price filters submit together; zero results reset correctly (1.3s)
  ✓  12 tests/explorer.spec.ts:67:5 › financing recalculates ratios, respects mutually exclusive terms and inverse cap (1.5s)
  ✓  13 tests/explorer.spec.ts:98:5 › comparison limits selections, opens accessible dialog and clears after scenario change (1.6s)
  ✓  14 tests/explorer.spec.ts:122:5 › scenario breakdown matches displayed ratio and supports a demo review with attribution (1.7s)
  ✓  10 tests/explorer.spec.ts:7:5 › gallery renders real images, has no console errors, and passes accessibility checks (4.0s)
  ✓  15 tests/explorer.spec.ts:164:5 › table sorting and sharing retain scenario and campaign parameters (868ms)
  ✓  16 tests/explorer.spec.ts:186:5 › failed searches recover and never show stale cards as actionable (1.1s)
  ✓  17 tests/explorer.spec.ts:208:5 › invalid price ranges stay editable and subset markets remain accurate (1.5s)
  ✓  18 tests/explorer.spec.ts:225:7 › responsive layout and dialog at 320px (3.9s)
  ✓  19 tests/explorer.spec.ts:225:7 › responsive layout and dialog at 390px (4.0s)
  ✓  21 tests/explorer.spec.ts:264:5 › multi-market URLs preserve exact markets and a custom down payment (958ms)
  ✓  20 tests/explorer.spec.ts:225:7 › responsive layout and dialog at 768px (3.8s)
  ✓  22 tests/explorer.spec.ts:278:5 › image failure has an accessible fallback without breaking property details (938ms)
  ✓  24 tests/provider-merge.spec.ts:2:5 › partial rent coverage stays explicit and zero priced rows do not imply no listings (1.1s)
  ✓  23 tests/explorer.spec.ts:293:5 › mobile accessibility and keyboard dialog focus (2.0s)
  ✓  26 tests/resources.spec.ts:3:5 › workflow step controls reveal the corresponding action and context (1.1s)
  ✓  27 tests/resources.spec.ts:13:5 › ratio lab reacts to keyboard input and resets; guide topics expand (724ms)
  ✓  25 tests/provider-merge.spec.ts:25:5 › REvestor header uses original griffin with live two-line type at responsive widths (2.1s)
  ✓  30 tests/resources.spec.ts:25:5 › smallest layout and reduced motion remain usable without a video (1.1s)
  ✓  28 tests/resources.spec.ts:20:35 › resource pages render accessibly at 390px (2.3s)
  ✓  29 tests/resources.spec.ts:20:35 › resource pages render accessibly at 1440px (2.5s)

  30 passed (19.6s)
